../Core/Src/main.c:101:5:main	8	static
../Core/Src/main.c:154:6:SystemClock_Config	120	static
../Core/Src/main.c:214:13:MX_ETH_Init	8	static
../Core/Src/main.c:263:13:MX_FDCAN1_Init	8	static
../Core/Src/main.c:316:13:MX_I2C1_Init	8	static
../Core/Src/main.c:364:13:MX_QUADSPI_Init	8	static
../Core/Src/main.c:399:13:MX_USART1_UART_Init	8	static
../Core/Src/main.c:447:13:MX_USART3_UART_Init	8	static
../Core/Src/main.c:495:13:MX_GPIO_Init	56	static
../Core/Src/main.c:537:6:MPU_Config	24	static
../Core/Src/main.c:568:6:Error_Handler	4	static,ignoring_inline_asm
